Archive member included to satisfy reference by file (symbol)

c:/st/stm32cubeide_1.7.0/stm32cubeide/plugins/com.st.stm32cube.ide.mcu.externaltools.gnu-tools-for-stm32.9-2020-q2-update.win32_2.0.0.202105311346/tools/bin/../lib/gcc/arm-none-eabi/9.3.1/../../../../arm-none-eabi/lib/thumb/v7-m/nofp\libc_nano.a(lib_a-errno.o)
                              ./Core/Src/syscalls.o (__errno)
c:/st/stm32cubeide_1.7.0/stm32cubeide/plugins/com.st.stm32cube.ide.mcu.externaltools.gnu-tools-for-stm32.9-2020-q2-update.win32_2.0.0.202105311346/tools/bin/../lib/gcc/arm-none-eabi/9.3.1/../../../../arm-none-eabi/lib/thumb/v7-m/nofp\libc_nano.a(lib_a-exit.o)
                              c:/st/stm32cubeide_1.7.0/stm32cubeide/plugins/com.st.stm32cube.ide.mcu.externaltools.gnu-tools-for-stm32.9-2020-q2-update.win32_2.0.0.202105311346/tools/bin/../lib/gcc/arm-none-eabi/9.3.1/../../../../arm-none-eabi/lib/thumb/v7-m/nofp/crt0.o (exit)
c:/st/stm32cubeide_1.7.0/stm32cubeide/plugins/com.st.stm32cube.ide.mcu.externaltools.gnu-tools-for-stm32.9-2020-q2-update.win32_2.0.0.202105311346/tools/bin/../lib/gcc/arm-none-eabi/9.3.1/../../../../arm-none-eabi/lib/thumb/v7-m/nofp\libc_nano.a(lib_a-impure.o)
                              c:/st/stm32cubeide_1.7.0/stm32cubeide/plugins/com.st.stm32cube.ide.mcu.externaltools.gnu-tools-for-stm32.9-2020-q2-update.win32_2.0.0.202105311346/tools/bin/../lib/gcc/arm-none-eabi/9.3.1/../../../../arm-none-eabi/lib/thumb/v7-m/nofp\libc_nano.a(lib_a-exit.o) (_global_impure_ptr)
c:/st/stm32cubeide_1.7.0/stm32cubeide/plugins/com.st.stm32cube.ide.mcu.externaltools.gnu-tools-for-stm32.9-2020-q2-update.win32_2.0.0.202105311346/tools/bin/../lib/gcc/arm-none-eabi/9.3.1/../../../../arm-none-eabi/lib/thumb/v7-m/nofp\libc_nano.a(lib_a-init.o)
                              c:/st/stm32cubeide_1.7.0/stm32cubeide/plugins/com.st.stm32cube.ide.mcu.externaltools.gnu-tools-for-stm32.9-2020-q2-update.win32_2.0.0.202105311346/tools/bin/../lib/gcc/arm-none-eabi/9.3.1/../../../../arm-none-eabi/lib/thumb/v7-m/nofp/crt0.o (__libc_init_array)
c:/st/stm32cubeide_1.7.0/stm32cubeide/plugins/com.st.stm32cube.ide.mcu.externaltools.gnu-tools-for-stm32.9-2020-q2-update.win32_2.0.0.202105311346/tools/bin/../lib/gcc/arm-none-eabi/9.3.1/../../../../arm-none-eabi/lib/thumb/v7-m/nofp\libc_nano.a(lib_a-memset.o)
                              c:/st/stm32cubeide_1.7.0/stm32cubeide/plugins/com.st.stm32cube.ide.mcu.externaltools.gnu-tools-for-stm32.9-2020-q2-update.win32_2.0.0.202105311346/tools/bin/../lib/gcc/arm-none-eabi/9.3.1/../../../../arm-none-eabi/lib/thumb/v7-m/nofp/crt0.o (memset)

Allocating common symbols
Common symbol       size              file

uwTick              0x4               ./Drivers/STM32F1xx_HAL_Driver/Src/stm32f1xx_hal.o
pFlash              0x20              ./Drivers/STM32F1xx_HAL_Driver/Src/stm32f1xx_hal_flash.o

Discarded input sections

 .text          0x0000000000000000        0x0 c:/st/stm32cubeide_1.7.0/stm32cubeide/plugins/com.st.stm32cube.ide.mcu.externaltools.gnu-tools-for-stm32.9-2020-q2-update.win32_2.0.0.202105311346/tools/bin/../lib/gcc/arm-none-eabi/9.3.1/thumb/v7-m/nofp/crti.o
 .data          0x0000000000000000        0x0 c:/st/stm32cubeide_1.7.0/stm32cubeide/plugins/com.st.stm32cube.ide.mcu.externaltools.gnu-tools-for-stm32.9-2020-q2-update.win32_2.0.0.202105311346/tools/bin/../lib/gcc/arm-none-eabi/9.3.1/thumb/v7-m/nofp/crti.o
 .bss           0x0000000000000000        0x0 c:/st/stm32cubeide_1.7.0/stm32cubeide/plugins/com.st.stm32cube.ide.mcu.externaltools.gnu-tools-for-stm32.9-2020-q2-update.win32_2.0.0.202105311346/tools/bin/../lib/gcc/arm-none-eabi/9.3.1/thumb/v7-m/nofp/crti.o
 .data          0x0000000000000000        0x4 c:/st/stm32cubeide_1.7.0/stm32cubeide/plugins/com.st.stm32cube.ide.mcu.externaltools.gnu-tools-for-stm32.9-2020-q2-update.win32_2.0.0.202105311346/tools/bin/../lib/gcc/arm-none-eabi/9.3.1/thumb/v7-m/nofp/crtbegin.o
 .text          0x0000000000000000       0x7c c:/st/stm32cubeide_1.7.0/stm32cubeide/plugins/com.st.stm32cube.ide.mcu.externaltools.gnu-tools-for-stm32.9-2020-q2-update.win32_2.0.0.202105311346/tools/bin/../lib/gcc/arm-none-eabi/9.3.1/../../../../arm-none-eabi/lib/thumb/v7-m/nofp/crt0.o
 .data          0x0000000000000000        0x0 c:/st/stm32cubeide_1.7.0/stm32cubeide/plugins/com.st.stm32cube.ide.mcu.externaltools.gnu-tools-for-stm32.9-2020-q2-update.win32_2.0.0.202105311346/tools/bin/../lib/gcc/arm-none-eabi/9.3.1/../../../../arm-none-eabi/lib/thumb/v7-m/nofp/crt0.o
 .bss           0x0000000000000000        0x0 c:/st/stm32cubeide_1.7.0/stm32cubeide/plugins/com.st.stm32cube.ide.mcu.externaltools.gnu-tools-for-stm32.9-2020-q2-update.win32_2.0.0.202105311346/tools/bin/../lib/gcc/arm-none-eabi/9.3.1/../../../../arm-none-eabi/lib/thumb/v7-m/nofp/crt0.o
[...]
Memory Configuration

Name             Origin             Length             Attributes
RAM              0x0000000020000000 0x0000000000002800 xrw
FLASH            0x0000000008000000 0x0000000000008000 xr
*default*        0x0000000000000000 0xffffffffffffffff

Linker script and memory map

LOAD c:/st/stm32cubeide_1.7.0/stm32cubeide/plugins/com.st.stm32cube.ide.mcu.externaltools.gnu-tools-for-stm32.9-2020-q2-update.win32_2.0.0.202105311346/tools/bin/../lib/gcc/arm-none-eabi/9.3.1/thumb/v7-m/nofp/crti.o
LOAD c:/st/stm32cubeide_1.7.0/stm32cubeide/plugins/com.st.stm32cube.ide.mcu.externaltools.gnu-tools-for-stm32.9-2020-q2-update.win32_2.0.0.202105311346/tools/bin/../lib/gcc/arm-none-eabi/9.3.1/thumb/v7-m/nofp/crtbegin.o
LOAD c:/st/stm32cubeide_1.7.0/stm32cubeide/plugins/com.st.stm32cube.ide.mcu.externaltools.gnu-tools-for-stm32.9-2020-q2-update.win32_2.0.0.202105311346/tools/bin/../lib/gcc/arm-none-eabi/9.3.1/../../../../arm-none-eabi/lib/thumb/v7-m/nofp/crt0.o
LOAD ./Core/Src/Lab_1_Ex_1.o
LOAD ./Core/Src/Lab_1_Ex_10.o
LOAD ./Core/Src/Lab_1_Ex_2.o
LOAD ./Core/Src/Lab_1_Ex_3.o
LOAD ./Core/Src/Lab_1_Ex_4.o
LOAD ./Core/Src/Lab_1_Ex_5.o
LOAD ./Core/Src/main.o
LOAD ./Core/Src/stm32f1xx_hal_msp.o
LOAD ./Core/Src/stm32f1xx_it.o
LOAD ./Core/Src/syscalls.o
LOAD ./Core/Src/sysmem.o
LOAD ./Core/Src/system_stm32f1xx.o
LOAD ./Core/Startup/startup_stm32f103c6ux.o
LOAD ./Drivers/STM32F1xx_HAL_Driver/Src/stm32f1xx_hal.o
LOAD ./Drivers/STM32F1xx_HAL_Driver/Src/stm32f1xx_hal_cortex.o
LOAD ./Drivers/STM32F1xx_HAL_Driver/Src/stm32f1xx_hal_dma.o
LOAD ./Drivers/STM32F1xx_HAL_Driver/Src/stm32f1xx_hal_exti.o
LOAD ./Drivers/STM32F1xx_HAL_Driver/Src/stm32f1xx_hal_flash.o
LOAD ./Drivers/STM32F1xx_HAL_Driver/Src/stm32f1xx_hal_flash_ex.o
LOAD ./Drivers/STM32F1xx_HAL_Driver/Src/stm32f1xx_hal_gpio.o
LOAD ./Drivers/STM32F1xx_HAL_Driver/Src/stm32f1xx_hal_gpio_ex.o
LOAD ./Drivers/STM32F1xx_HAL_Driver/Src/stm32f1xx_hal_pwr.o
LOAD ./Drivers/STM32F1xx_HAL_Driver/Src/stm32f1xx_hal_rcc.o
LOAD ./Drivers/STM32F1xx_HAL_Driver/Src/stm32f1xx_hal_rcc_ex.o
LOAD ./Drivers/STM32F1xx_HAL_Driver/Src/stm32f1xx_hal_tim.o
LOAD ./Drivers/STM32F1xx_HAL_Driver/Src/stm32f1xx_hal_tim_ex.o
START GROUP
LOAD c:/st/stm32cubeide_1.7.0/stm32cubeide/plugins/com.st.stm32cube.ide.mcu.externaltools.gnu-tools-for-stm32.9-2020-q2-update.win32_2.0.0.202105311346/tools/bin/../lib/gcc/arm-none-eabi/9.3.1/../../../../arm-none-eabi/lib/thumb/v7-m/nofp\libc_nano.a
LOAD c:/st/stm32cubeide_1.7.0/stm32cubeide/plugins/com.st.stm32cube.ide.mcu.externaltools.gnu-tools-for-stm32.9-2020-q2-update.win32_2.0.0.202105311346/tools/bin/../lib/gcc/arm-none-eabi/9.3.1/../../../../arm-none-eabi/lib/thumb/v7-m/nofp\libm.a
END GROUP
START GROUP
LOAD c:/st/stm32cubeide_1.7.0/stm32cubeide/plugins/com.st.stm32cube.ide.mcu.externaltools.gnu-tools-for-stm32.9-2020-q2-update.win32_2.0.0.202105311346/tools/bin/../lib/gcc/arm-none-eabi/9.3.1/thumb/v7-m/nofp\libgcc.a
LOAD c:/st/stm32cubeide_1.7.0/stm32cubeide/plugins/com.st.stm32cube.ide.mcu.externaltools.gnu-tools-for-stm32.9-2020-q2-update.win32_2.0.0.202105311346/tools/bin/../lib/gcc/arm-none-eabi/9.3.1/../../../../arm-none-eabi/lib/thumb/v7-m/nofp\libc_nano.a
END GROUP
START GROUP
LOAD c:/st/stm32cubeide_1.7.0/stm32cubeide/plugins/com.st.stm32cube.ide.mcu.externaltools.gnu-tools-for-stm32.9-2020-q2-update.win32_2.0.0.202105311346/tools/bin/../lib/gcc/arm-none-eabi/9.3.1/thumb/v7-m/nofp\libgcc.a
LOAD c:/st/stm32cubeide_1.7.0/stm32cubeide/plugins/com.st.stm32cube.ide.mcu.externaltools.gnu-tools-for-stm32.9-2020-q2-update.win32_2.0.0.202105311346/tools/bin/../lib/gcc/arm-none-eabi/9.3.1/../../../../arm-none-eabi/lib/thumb/v7-m/nofp\libc_nano.a
LOAD c:/st/stm32cubeide_1.7.0/stm32cubeide/plugins/com.st.stm32cube.ide.mcu.externaltools.gnu-tools-for-stm32.9-2020-q2-update.win32_2.0.0.202105311346/tools/bin/../lib/gcc/arm-none-eabi/9.3.1/../../../../arm-none-eabi/lib/thumb/v7-m/nofp\libnosys.a
END GROUP
START GROUP
LOAD c:/st/stm32cubeide_1.7.0/stm32cubeide/plugins/com.st.stm32cube.ide.mcu.externaltools.gnu-tools-for-stm32.9-2020-q2-update.win32_2.0.0.202105311346/tools/bin/../lib/gcc/arm-none-eabi/9.3.1/thumb/v7-m/nofp\libgcc.a
LOAD c:/st/stm32cubeide_1.7.0/stm32cubeide/plugins/com.st.stm32cube.ide.mcu.externaltools.gnu-tools-for-stm32.9-2020-q2-update.win32_2.0.0.202105311346/tools/bin/../lib/gcc/arm-none-eabi/9.3.1/../../../../arm-none-eabi/lib/thumb/v7-m/nofp\libc_nano.a
LOAD c:/st/stm32cubeide_1.7.0/stm32cubeide/plugins/com.st.stm32cube.ide.mcu.externaltools.gnu-tools-for-stm32.9-2020-q2-update.win32_2.0.0.202105311346/tools/bin/../lib/gcc/arm-none-eabi/9.3.1/../../../../arm-none-eabi/lib/thumb/v7-m/nofp\libnosys.a
END GROUP
LOAD c:/st/stm32cubeide_1.7.0/stm32cubeide/plugins/com.st.stm32cube.ide.mcu.externaltools.gnu-tools-for-stm32.9-2020-q2-update.win32_2.0.0.202105311346/tools/bin/../lib/gcc/arm-none-eabi/9.3.1/thumb/v7-m/nofp/crtend.o
LOAD c:/st/stm32cubeide_1.7.0/stm32cubeide/plugins/com.st.stm32cube.ide.mcu.externaltools.gnu-tools-for-stm32.9-2020-q2-update.win32_2.0.0.202105311346/tools/bin/../lib/gcc/arm-none-eabi/9.3.1/thumb/v7-m/nofp/crtn.o
                0x0000000020002800                _estack = (ORIGIN (RAM) + LENGTH (RAM))
                0x0000000000000200                _Min_Heap_Size = 0x200
                0x0000000000000400                _Min_Stack_Size = 0x400

.isr_vector     0x0000000008000000      0x10c
                0x0000000008000000                . = ALIGN (0x4)
 *(.isr_vector)
 .isr_vector    0x0000000008000000      0x10c ./Core/Startup/startup_stm32f103c6ux.o
                0x0000000008000000                g_pfnVectors
                0x000000000800010c                . = ALIGN (0x4)

.text           0x000000000800010c     0x1698
                0x000000000800010c                . = ALIGN (0x4)
 *(.text)
 .text          0x000000000800010c       0x40 c:/st/stm32cubeide_1.7.0/stm32cubeide/plugins/com.st.stm32cube.ide.mcu.externaltools.gnu-tools-for-stm32.9-2020-q2-update.win32_2.0.0.202105311346/tools/bin/../lib/gcc/arm-none-eabi/9.3.1/thumb/v7-m/nofp/crtbegin.o
 *(.text*)
 .text.init_exercise1
                0x000000000800014c       0x14 ./Core/Src/Lab_1_Ex_1.o
                0x000000000800014c                init_exercise1
 .text.clearAllClock
                0x0000000008000160       0x94 ./Core/Src/Lab_1_Ex_10.o
                0x0000000008000160                clearAllClock
 .text.setNumberOnClock
                0x00000000080001f4       0xf0 ./Core/Src/Lab_1_Ex_10.o
                0x00000000080001f4                setNumberOnClock
 .text.clearNumberOnClock
                0x00000000080002e4       0xf0 ./Core/Src/Lab_1_Ex_10.o
                0x00000000080002e4                clearNumberOnClock
 .text.init_exercise10
                0x00000000080003d4        0xc ./Core/Src/Lab_1_Ex_10.o
                0x00000000080003d4                init_exercise10
 .text.exercise10_run
                0x00000000080003e0      0x1dc ./Core/Src/Lab_1_Ex_10.o
                0x00000000080003e0                exercise10_run
 .text.init_exercise2
                0x00000000080005bc       0x24 ./Core/Src/Lab_1_Ex_2.o
                0x00000000080005bc                init_exercise2
 .text.init_exercise3
                0x00000000080005e0       0x40 ./Core/Src/Lab_1_Ex_3.o
                0x00000000080005e0                init_exercise3
 .text.init_exercise4
                0x0000000008000620       0x54 ./Core/Src/Lab_1_Ex_4.o
                0x0000000008000620                init_exercise4
 .text.init_exercise5
                0x0000000008000674       0x54 ./Core/Src/Lab_1_Ex_5.o
                0x0000000008000674                init_exercise5
 .text.main     0x00000000080006c8       0x36 ./Core/Src/main.o
                0x00000000080006c8                main
 .text.SystemClock_Config
                0x00000000080006fe       0x76 ./Core/Src/main.o
                0x00000000080006fe                SystemClock_Config
 .text.MX_GPIO_Init
                0x0000000008000774       0xac ./Core/Src/main.o
 .text.Error_Handler
                0x0000000008000820        0xa ./Core/Src/main.o
                0x0000000008000820                Error_Handler
 *fill*         0x000000000800082a        0x2 
 .text.HAL_MspInit
                0x000000000800082c       0x64 ./Core/Src/stm32f1xx_hal_msp.o
                0x000000000800082c                HAL_MspInit
 .text.NMI_Handler
                0x0000000008000890        0x6 ./Core/Src/stm32f1xx_it.o
                0x0000000008000890                NMI_Handler
 .text.HardFault_Handler
                0x0000000008000896        0x6 ./Core/Src/stm32f1xx_it.o
                0x0000000008000896                HardFault_Handler
 .text.MemManage_Handler
                0x000000000800089c        0x6 ./Core/Src/stm32f1xx_it.o
                0x000000000800089c                MemManage_Handler
 .text.BusFault_Handler
                0x00000000080008a2        0x6 ./Core/Src/stm32f1xx_it.o
                0x00000000080008a2                BusFault_Handler
 .text.UsageFault_Handler
                0x00000000080008a8        0x6 ./Core/Src/stm32f1xx_it.o
                0x00000000080008a8                UsageFault_Handler
 .text.SVC_Handler
                0x00000000080008ae        0xc ./Core/Src/stm32f1xx_it.o
                0x00000000080008ae                SVC_Handler
 .text.DebugMon_Handler
                0x00000000080008ba        0xc ./Core/Src/stm32f1xx_it.o
                0x00000000080008ba                DebugMon_Handler
 .text.PendSV_Handler
                0x00000000080008c6        0xc ./Core/Src/stm32f1xx_it.o
                0x00000000080008c6                PendSV_Handler
 .text.SysTick_Handler
                0x00000000080008d2        0xc ./Core/Src/stm32f1xx_it.o
                0x00000000080008d2                SysTick_Handler
 .text.SystemInit
                0x00000000080008de        0xc ./Core/Src/system_stm32f1xx.o
                0x00000000080008de                SystemInit
 *fill*         0x00000000080008ea        0x2 
 .text.Reset_Handler
                0x00000000080008ec       0x48 ./Core/Startup/startup_stm32f103c6ux.o
                0x00000000080008ec                Reset_Handler
 .text.Default_Handler
                0x0000000008000934        0x2 ./Core/Startup/startup_stm32f103c6ux.o
                0x0000000008000934                RTC_Alarm_IRQHandler
                0x0000000008000934                EXTI2_IRQHandler
                0x0000000008000934                TIM1_CC_IRQHandler
                0x0000000008000934                PVD_IRQHandler
                0x0000000008000934                EXTI3_IRQHandler
                0x0000000008000934                EXTI0_IRQHandler
                0x0000000008000934                ADC1_2_IRQHandler
                0x0000000008000934                SPI1_IRQHandler
                0x0000000008000934                TAMPER_IRQHandler
                0x0000000008000934                DMA1_Channel4_IRQHandler
                0x0000000008000934                RTC_IRQHandler
                0x0000000008000934                DMA1_Channel7_IRQHandler
                0x0000000008000934                CAN1_RX1_IRQHandler
                0x0000000008000934                I2C1_EV_IRQHandler
                0x0000000008000934                DMA1_Channel6_IRQHandler
                0x0000000008000934                TIM3_IRQHandler
                0x0000000008000934                RCC_IRQHandler
                0x0000000008000934                TIM1_TRG_COM_IRQHandler
                0x0000000008000934                DMA1_Channel1_IRQHandler
                0x0000000008000934                Default_Handler
                0x0000000008000934                EXTI15_10_IRQHandler
                0x0000000008000934                EXTI9_5_IRQHandler
                0x0000000008000934                DMA1_Channel5_IRQHandler
                0x0000000008000934                EXTI4_IRQHandler
                0x0000000008000934                USB_LP_CAN1_RX0_IRQHandler
                0x0000000008000934                USB_HP_CAN1_TX_IRQHandler
                0x0000000008000934                DMA1_Channel3_IRQHandler
                0x0000000008000934                TIM1_UP_IRQHandler
                0x0000000008000934                WWDG_IRQHandler
                0x0000000008000934                TIM2_IRQHandler
                0x0000000008000934                TIM1_BRK_IRQHandler
                0x0000000008000934                EXTI1_IRQHandler
                0x0000000008000934                USART2_IRQHandler
                0x0000000008000934                DMA1_Channel2_IRQHandler
                0x0000000008000934                CAN1_SCE_IRQHandler
                0x0000000008000934                FLASH_IRQHandler
                0x0000000008000934                USART1_IRQHandler
                0x0000000008000934                I2C1_ER_IRQHandler
                0x0000000008000934                USBWakeUp_IRQHandler
 *fill*         0x0000000008000936        0x2 
 .text.HAL_Init
                0x0000000008000938       0x2c ./Drivers/STM32F1xx_HAL_Driver/Src/stm32f1xx_hal.o
                0x0000000008000938                HAL_Init
 .text.HAL_InitTick
                0x0000000008000964       0x60 ./Drivers/STM32F1xx_HAL_Driver/Src/stm32f1xx_hal.o
                0x0000000008000964                HAL_InitTick
 .text.HAL_IncTick
                0x00000000080009c4       0x24 ./Drivers/STM32F1xx_HAL_Driver/Src/stm32f1xx_hal.o
                0x00000000080009c4                HAL_IncTick
 .text.HAL_GetTick
                0x00000000080009e8       0x14 ./Drivers/STM32F1xx_HAL_Driver/Src/stm32f1xx_hal.o
                0x00000000080009e8                HAL_GetTick
 .text.HAL_Delay
                0x00000000080009fc       0x48 ./Drivers/STM32F1xx_HAL_Driver/Src/stm32f1xx_hal.o
                0x00000000080009fc                HAL_Delay
 .text.__NVIC_SetPriorityGrouping
                0x0000000008000a44       0x48 ./Drivers/STM32F1xx_HAL_Driver/Src/stm32f1xx_hal_cortex.o
 .text.__NVIC_GetPriorityGrouping
                0x0000000008000a8c       0x1c ./Drivers/STM32F1xx_HAL_Driver/Src/stm32f1xx_hal_cortex.o
 .text.__NVIC_SetPriority
                0x0000000008000aa8       0x54 ./Drivers/STM32F1xx_HAL_Driver/Src/stm32f1xx_hal_cortex.o
 .text.NVIC_EncodePriority
                0x0000000008000afc       0x64 ./Drivers/STM32F1xx_HAL_Driver/Src/stm32f1xx_hal_cortex.o
 .text.SysTick_Config
                0x0000000008000b60       0x44 ./Drivers/STM32F1xx_HAL_Driver/Src/stm32f1xx_hal_cortex.o
 .text.HAL_NVIC_SetPriorityGrouping
                0x0000000008000ba4       0x16 ./Drivers/STM32F1xx_HAL_Driver/Src/stm32f1xx_hal_cortex.o
                0x0000000008000ba4                HAL_NVIC_SetPriorityGrouping
 .text.HAL_NVIC_SetPriority
                0x0000000008000bba       0x38 ./Drivers/STM32F1xx_HAL_Driver/Src/stm32f1xx_hal_cortex.o
                0x0000000008000bba                HAL_NVIC_SetPriority
 .text.HAL_SYSTICK_Config
                0x0000000008000bf2       0x18 ./Drivers/STM32F1xx_HAL_Driver/Src/stm32f1xx_hal_cortex.o
                0x0000000008000bf2                HAL_SYSTICK_Config
 *fill*         0x0000000008000c0a        0x2 
 .text.HAL_GPIO_Init
                0x0000000008000c0c      0x2f4 ./Drivers/STM32F1xx_HAL_Driver/Src/stm32f1xx_hal_gpio.o
                0x0000000008000c0c                HAL_GPIO_Init
 .text.HAL_GPIO_WritePin
                0x0000000008000f00       0x30 ./Drivers/STM32F1xx_HAL_Driver/Src/stm32f1xx_hal_gpio.o
                0x0000000008000f00                HAL_GPIO_WritePin
 .text.HAL_GPIO_TogglePin
                0x0000000008000f30       0x32 ./Drivers/STM32F1xx_HAL_Driver/Src/stm32f1xx_hal_gpio.o
                0x0000000008000f30                HAL_GPIO_TogglePin
 *fill*         0x0000000008000f62        0x2 
 .text.HAL_RCC_OscConfig
                0x0000000008000f64      0x500 ./Drivers/STM32F1xx_HAL_Driver/Src/stm32f1xx_hal_rcc.o
                0x0000000008000f64                HAL_RCC_OscConfig
 .text.HAL_RCC_ClockConfig
                0x0000000008001464      0x1d4 ./Drivers/STM32F1xx_HAL_Driver/Src/stm32f1xx_hal_rcc.o
                0x0000000008001464                HAL_RCC_ClockConfig
 .text.HAL_RCC_GetSysClockFreq
                0x0000000008001638       0xc0 ./Drivers/STM32F1xx_HAL_Driver/Src/stm32f1xx_hal_rcc.o
                0x0000000008001638                HAL_RCC_GetSysClockFreq
 .text.RCC_Delay
                0x00000000080016f8       0x3c ./Drivers/STM32F1xx_HAL_Driver/Src/stm32f1xx_hal_rcc.o
 .text.__libc_init_array
                0x0000000008001734       0x48 c:/st/stm32cubeide_1.7.0/stm32cubeide/plugins/com.st.stm32cube.ide.mcu.externaltools.gnu-tools-for-stm32.9-2020-q2-update.win32_2.0.0.202105311346/tools/bin/../lib/gcc/arm-none-eabi/9.3.1/../../../../arm-none-eabi/lib/thumb/v7-m/nofp\libc_nano.a(lib_a-init.o)
                0x0000000008001734                __libc_init_array
 .text.memset   0x000000000800177c       0x10 c:/st/stm32cubeide_1.7.0/stm32cubeide/plugins/com.st.stm32cube.ide.mcu.externaltools.gnu-tools-for-stm32.9-2020-q2-update.win32_2.0.0.202105311346/tools/bin/../lib/gcc/arm-none-eabi/9.3.1/../../../../arm-none-eabi/lib/thumb/v7-m/nofp\libc_nano.a(lib_a-memset.o)
                0x000000000800177c                memset
 *(.glue_7)
 .glue_7        0x000000000800178c        0x0 linker stubs
 *(.glue_7t)
 .glue_7t       0x000000000800178c        0x0 linker stubs
 *(.eh_frame)
 .eh_frame      0x000000000800178c        0x0 c:/st/stm32cubeide_1.7.0/stm32cubeide/plugins/com.st.stm32cube.ide.mcu.externaltools.gnu-tools-for-stm32.9-2020-q2-update.win32_2.0.0.202105311346/tools/bin/../lib/gcc/arm-none-eabi/9.3.1/thumb/v7-m/nofp/crtbegin.o
 *(.init)
 .init          0x000000000800178c        0x4 c:/st/stm32cubeide_1.7.0/stm32cubeide/plugins/com.st.stm32cube.ide.mcu.externaltools.gnu-tools-for-stm32.9-2020-q2-update.win32_2.0.0.202105311346/tools/bin/../lib/gcc/arm-none-eabi/9.3.1/thumb/v7-m/nofp/crti.o
                0x000000000800178c                _init
 .init          0x0000000008001790        0x8 c:/st/stm32cubeide_1.7.0/stm32cubeide/plugins/com.st.stm32cube.ide.mcu.externaltools.gnu-tools-for-stm32.9-2020-q2-update.win32_2.0.0.202105311346/tools/bin/../lib/gcc/arm-none-eabi/9.3.1/thumb/v7-m/nofp/crtn.o
 *(.fini)
 .fini          0x0000000008001798        0x4 c:/st/stm32cubeide_1.7.0/stm32cubeide/plugins/com.st.stm32cube.ide.mcu.externaltools.gnu-tools-for-stm32.9-2020-q2-update.win32_2.0.0.202105311346/tools/bin/../lib/gcc/arm-none-eabi/9.3.1/thumb/v7-m/nofp/crti.o
                0x0000000008001798                _fini
 .fini          0x000000000800179c        0x8 c:/st/stm32cubeide_1.7.0/stm32cubeide/plugins/com.st.stm32cube.ide.mcu.externaltools.gnu-tools-for-stm32.9-2020-q2-update.win32_2.0.0.202105311346/tools/bin/../lib/gcc/arm-none-eabi/9.3.1/thumb/v7-m/nofp/crtn.o
                0x00000000080017a4                . = ALIGN (0x4)
                0x00000000080017a4                _etext = .

.vfp11_veneer   0x00000000080017a4        0x0
 .vfp11_veneer  0x00000000080017a4        0x0 linker stubs

.v4_bx          0x00000000080017a4        0x0
 .v4_bx         0x00000000080017a4        0x0 linker stubs

.iplt           0x00000000080017a4        0x0
 .iplt          0x00000000080017a4        0x0 c:/st/stm32cubeide_1.7.0/stm32cubeide/plugins/com.st.stm32cube.ide.mcu.externaltools.gnu-tools-for-stm32.9-2020-q2-update.win32_2.0.0.202105311346/tools/bin/../lib/gcc/arm-none-eabi/9.3.1/thumb/v7-m/nofp/crtbegin.o

.rodata         0x00000000080017a4       0x20
                0x00000000080017a4                . = ALIGN (0x4)
 *(.rodata)
 .rodata        0x00000000080017a4       0x10 ./Drivers/STM32F1xx_HAL_Driver/Src/stm32f1xx_hal_rcc.o
 *(.rodata*)
 .rodata.AHBPrescTable
                0x00000000080017b4       0x10 ./Core/Src/system_stm32f1xx.o
                0x00000000080017b4                AHBPrescTable
                0x00000000080017c4                . = ALIGN (0x4)

.rel.dyn        0x00000000080017c4        0x0
 .rel.iplt      0x00000000080017c4        0x0 c:/st/stm32cubeide_1.7.0/stm32cubeide/plugins/com.st.stm32cube.ide.mcu.externaltools.gnu-tools-for-stm32.9-2020-q2-update.win32_2.0.0.202105311346/tools/bin/../lib/gcc/arm-none-eabi/9.3.1/thumb/v7-m/nofp/crtbegin.o

.ARM.extab      0x00000000080017c4        0x0
                0x00000000080017c4                . = ALIGN (0x4)
 *(.ARM.extab* .gnu.linkonce.armextab.*)
                0x00000000080017c4                . = ALIGN (0x4)

.ARM            0x00000000080017c4        0x0
                0x00000000080017c4                . = ALIGN (0x4)
                0x00000000080017c4                __exidx_start = .
 *(.ARM.exidx*)
                0x00000000080017c4                __exidx_end = .
                0x00000000080017c4                . = ALIGN (0x4)

.preinit_array  0x00000000080017c4        0x0
                0x00000000080017c4                . = ALIGN (0x4)
                0x00000000080017c4                PROVIDE (__preinit_array_start = .)
 *(.preinit_array*)
                0x00000000080017c4                PROVIDE (__preinit_array_end = .)
                0x00000000080017c4                . = ALIGN (0x4)

.init_array     0x00000000080017c4        0x4
                0x00000000080017c4                . = ALIGN (0x4)
                0x00000000080017c4                PROVIDE (__init_array_start = .)
 *(SORT_BY_NAME(.init_array.*))
 *(.init_array*)
 .init_array    0x00000000080017c4        0x4 c:/st/stm32cubeide_1.7.0/stm32cubeide/plugins/com.st.stm32cube.ide.mcu.externaltools.gnu-tools-for-stm32.9-2020-q2-update.win32_2.0.0.202105311346/tools/bin/../lib/gcc/arm-none-eabi/9.3.1/thumb/v7-m/nofp/crtbegin.o
                0x00000000080017c8                PROVIDE (__init_array_end = .)
                0x00000000080017c8                . = ALIGN (0x4)

.fini_array     0x00000000080017c8        0x4
                0x00000000080017c8                . = ALIGN (0x4)
                [!provide]                        PROVIDE (__fini_array_start = .)
 *(SORT_BY_NAME(.fini_array.*))
 *(.fini_array*)
 .fini_array    0x00000000080017c8        0x4 c:/st/stm32cubeide_1.7.0/stm32cubeide/plugins/com.st.stm32cube.ide.mcu.externaltools.gnu-tools-for-stm32.9-2020-q2-update.win32_2.0.0.202105311346/tools/bin/../lib/gcc/arm-none-eabi/9.3.1/thumb/v7-m/nofp/crtbegin.o
                [!provide]                        PROVIDE (__fini_array_end = .)
                0x00000000080017cc                . = ALIGN (0x4)
                0x00000000080017cc                _sidata = LOADADDR (.data)

.data           0x0000000020000000       0x10 load address 0x00000000080017cc
                0x0000000020000000                . = ALIGN (0x4)
                0x0000000020000000                _sdata = .
 *(.data)
 *(.data*)
 .data.counter_m
                0x0000000020000000        0x4 ./Core/Src/Lab_1_Ex_10.o
                0x0000000020000000                counter_m
 .data.SystemCoreClock
                0x0000000020000004        0x4 ./Core/Src/system_stm32f1xx.o
                0x0000000020000004                SystemCoreClock
 .data.uwTickPrio
                0x0000000020000008        0x4 ./Drivers/STM32F1xx_HAL_Driver/Src/stm32f1xx_hal.o
                0x0000000020000008                uwTickPrio
 .data.uwTickFreq
                0x000000002000000c        0x1 ./Drivers/STM32F1xx_HAL_Driver/Src/stm32f1xx_hal.o
                0x000000002000000c                uwTickFreq
 *(.RamFunc)
 *(.RamFunc*)
                0x0000000020000010                . = ALIGN (0x4)
 *fill*         0x000000002000000d        0x3 
                0x0000000020000010                _edata = .

.igot.plt       0x0000000020000010        0x0 load address 0x00000000080017dc
 .igot.plt      0x0000000020000010        0x0 c:/st/stm32cubeide_1.7.0/stm32cubeide/plugins/com.st.stm32cube.ide.mcu.externaltools.gnu-tools-for-stm32.9-2020-q2-update.win32_2.0.0.202105311346/tools/bin/../lib/gcc/arm-none-eabi/9.3.1/thumb/v7-m/nofp/crtbegin.o
                0x0000000020000010                . = ALIGN (0x4)

.bss            0x0000000020000010       0x28 load address 0x00000000080017dc
                0x0000000020000010                _sbss = .
                0x0000000020000010                __bss_start__ = _sbss
 *(.bss)
 .bss           0x0000000020000010       0x1c c:/st/stm32cubeide_1.7.0/stm32cubeide/plugins/com.st.stm32cube.ide.mcu.externaltools.gnu-tools-for-stm32.9-2020-q2-update.win32_2.0.0.202105311346/tools/bin/../lib/gcc/arm-none-eabi/9.3.1/thumb/v7-m/nofp/crtbegin.o
 *(.bss*)
 .bss.counter_s
                0x000000002000002c        0x4 ./Core/Src/Lab_1_Ex_10.o
                0x000000002000002c                counter_s
 .bss.counter_h
                0x0000000020000030        0x4 ./Core/Src/Lab_1_Ex_10.o
                0x0000000020000030                counter_h
 *(COMMON)
 COMMON         0x0000000020000034        0x4 ./Drivers/STM32F1xx_HAL_Driver/Src/stm32f1xx_hal.o
                0x0000000020000034                uwTick
                0x0000000020000038                . = ALIGN (0x4)
                0x0000000020000038                _ebss = .
                0x0000000020000038                __bss_end__ = _ebss

._user_heap_stack
                0x0000000020000038      0x600 load address 0x00000000080017dc
                0x0000000020000038                . = ALIGN (0x8)
                [!provide]                        PROVIDE (end = .)
                0x0000000020000038                PROVIDE (_end = .)
                0x0000000020000238                . = (. + _Min_Heap_Size)
 *fill*         0x0000000020000038      0x200 
                0x0000000020000638                . = (. + _Min_Stack_Size)
 *fill*         0x0000000020000238      0x400 
                0x0000000020000638                . = ALIGN (0x8)

/DISCARD/
 libc.a(*)
 libm.a(*)
 libgcc.a(*)

.ARM.attributes
                0x0000000000000000       0x29
 *(.ARM.attributes)
 .ARM.attributes
                0x0000000000000000       0x1d c:/st/stm32cubeide_1.7.0/stm32cubeide/plugins/com.st.stm32cube.ide.mcu.externaltools.gnu-tools-for-stm32.9-2020-q2-update.win32_2.0.0.202105311346/tools/bin/../lib/gcc/arm-none-eabi/9.3.1/thumb/v7-m/nofp/crti.o
 .ARM.attributes
                0x000000000000001d       0x2d c:/st/stm32cubeide_1.7.0/stm32cubeide/plugins/com.st.stm32cube.ide.mcu.externaltools.gnu-tools-for-stm32.9-2020-q2-update.win32_2.0.0.202105311346/tools/bin/../lib/gcc/arm-none-eabi/9.3.1/thumb/v7-m/nofp/crtbegin.o
 .ARM.attributes
                0x000000000000004a       0x2d ./Core/Src/Lab_1_Ex_1.o
 .ARM.attributes
                0x0000000000000077       0x2d ./Core/Src/Lab_1_Ex_10.o
 .ARM.attributes
                0x00000000000000a4       0x2d ./Core/Src/Lab_1_Ex_2.o
 .ARM.attributes
                0x00000000000000d1       0x2d ./Core/Src/Lab_1_Ex_3.o
 .ARM.attributes
                0x00000000000000fe       0x2d ./Core/Src/Lab_1_Ex_4.o
 .ARM.attributes
                0x000000000000012b       0x2d ./Core/Src/Lab_1_Ex_5.o
 .ARM.attributes
                0x0000000000000158       0x2d ./Core/Src/main.o
 .ARM.attributes
                0x0000000000000185       0x2d ./Core/Src/stm32f1xx_hal_msp.o
 .ARM.attributes
                0x00000000000001b2       0x2d ./Core/Src/stm32f1xx_it.o
 .ARM.attributes
                0x00000000000001df       0x2d ./Core/Src/system_stm32f1xx.o
 .ARM.attributes
                0x000000000000020c       0x21 ./Core/Startup/startup_stm32f103c6ux.o
 .ARM.attributes
                0x000000000000022d       0x2d ./Drivers/STM32F1xx_HAL_Driver/Src/stm32f1xx_hal.o
 .ARM.attributes
                0x000000000000025a       0x2d ./Drivers/STM32F1xx_HAL_Driver/Src/stm32f1xx_hal_cortex.o
 .ARM.attributes
                0x0000000000000287       0x2d ./Drivers/STM32F1xx_HAL_Driver/Src/stm32f1xx_hal_gpio.o
 .ARM.attributes
                0x00000000000002b4       0x2d ./Drivers/STM32F1xx_HAL_Driver/Src/stm32f1xx_hal_rcc.o
 .ARM.attributes
                0x00000000000002e1       0x2d c:/st/stm32cubeide_1.7.0/stm32cubeide/plugins/com.st.stm32cube.ide.mcu.externaltools.gnu-tools-for-stm32.9-2020-q2-update.win32_2.0.0.202105311346/tools/bin/../lib/gcc/arm-none-eabi/9.3.1/../../../../arm-none-eabi/lib/thumb/v7-m/nofp\libc_nano.a(lib_a-init.o)
 .ARM.attributes
                0x000000000000030e       0x2d c:/st/stm32cubeide_1.7.0/stm32cubeide/plugins/com.st.stm32cube.ide.mcu.externaltools.gnu-tools-for-stm32.9-2020-q2-update.win32_2.0.0.202105311346/tools/bin/../lib/gcc/arm-none-eabi/9.3.1/../../../../arm-none-eabi/lib/thumb/v7-m/nofp\libc_nano.a(lib_a-memset.o)
 .ARM.attributes
                0x000000000000033b       0x1d c:/st/stm32cubeide_1.7.0/stm32cubeide/plugins/com.st.stm32cube.ide.mcu.externaltools.gnu-tools-for-stm32.9-2020-q2-update.win32_2.0.0.202105311346/tools/bin/../lib/gcc/arm-none-eabi/9.3.1/thumb/v7-m/nofp/crtn.o
OUTPUT(Lab_1.elf elf32-littlearm)
LOAD linker stubs
LOAD c:/st/stm32cubeide_1.7.0/stm32cubeide/plugins/com.st.stm32cube.ide.mcu.externaltools.gnu-tools-for-stm32.9-2020-q2-update.win32_2.0.0.202105311346/tools/bin/../lib/gcc/arm-none-eabi/9.3.1/../../../../arm-none-eabi/lib/thumb/v7-m/nofp\libc.a
LOAD c:/st/stm32cubeide_1.7.0/stm32cubeide/plugins/com.st.stm32cube.ide.mcu.externaltools.gnu-tools-for-stm32.9-2020-q2-update.win32_2.0.0.202105311346/tools/bin/../lib/gcc/arm-none-eabi/9.3.1/../../../../arm-none-eabi/lib/thumb/v7-m/nofp\libm.a
LOAD c:/st/stm32cubeide_1.7.0/stm32cubeide/plugins/com.st.stm32cube.ide.mcu.externaltools.gnu-tools-for-stm32.9-2020-q2-update.win32_2.0.0.202105311346/tools/bin/../lib/gcc/arm-none-eabi/9.3.1/thumb/v7-m/nofp\libgcc.a

.debug_info     0x0000000000000000     0x3edb
 .debug_info    0x0000000000000000      0x236 ./Core/Src/Lab_1_Ex_1.o
 .debug_info    0x0000000000000236      0x2e5 ./Core/Src/Lab_1_Ex_10.o
 .debug_info    0x000000000000051b      0x263 ./Core/Src/Lab_1_Ex_2.o
 .debug_info    0x000000000000077e      0x275 ./Core/Src/Lab_1_Ex_3.o
 .debug_info    0x00000000000009f3      0x263 ./Core/Src/Lab_1_Ex_4.o
 .debug_info    0x0000000000000c56      0x2c1 ./Core/Src/Lab_1_Ex_5.o
 .debug_info    0x0000000000000f17      0x52d ./Core/Src/main.o
 .debug_info    0x0000000000001444      0x2fc ./Core/Src/stm32f1xx_hal_msp.o
 .debug_info    0x0000000000001740      0x222 ./Core/Src/stm32f1xx_it.o
 .debug_info    0x0000000000001962      0x2be ./Core/Src/system_stm32f1xx.o
 .debug_info    0x0000000000001c20       0x22 ./Core/Startup/startup_stm32f103c6ux.o
 .debug_info    0x0000000000001c42      0x74c ./Drivers/STM32F1xx_HAL_Driver/Src/stm32f1xx_hal.o
 .debug_info    0x000000000000238e      0xbbe ./Drivers/STM32F1xx_HAL_Driver/Src/stm32f1xx_hal_cortex.o
 .debug_info    0x0000000000002f4c      0x701 ./Drivers/STM32F1xx_HAL_Driver/Src/stm32f1xx_hal_gpio.o
 .debug_info    0x000000000000364d      0x88e ./Drivers/STM32F1xx_HAL_Driver/Src/stm32f1xx_hal_rcc.o

.debug_abbrev   0x0000000000000000     0x150f
 .debug_abbrev  0x0000000000000000       0xf8 ./Core/Src/Lab_1_Ex_1.o
 .debug_abbrev  0x00000000000000f8      0x150 ./Core/Src/Lab_1_Ex_10.o
 .debug_abbrev  0x0000000000000248      0x10b ./Core/Src/Lab_1_Ex_2.o
 .debug_abbrev  0x0000000000000353      0x10b ./Core/Src/Lab_1_Ex_3.o
 .debug_abbrev  0x000000000000045e      0x10b ./Core/Src/Lab_1_Ex_4.o
 .debug_abbrev  0x0000000000000569      0x138 ./Core/Src/Lab_1_Ex_5.o
 .debug_abbrev  0x00000000000006a1      0x1c4 ./Core/Src/main.o
 .debug_abbrev  0x0000000000000865      0x11d ./Core/Src/stm32f1xx_hal_msp.o
 .debug_abbrev  0x0000000000000982       0xd2 ./Core/Src/stm32f1xx_it.o
 .debug_abbrev  0x0000000000000a54      0x14e ./Core/Src/system_stm32f1xx.o
 .debug_abbrev  0x0000000000000ba2       0x12 ./Core/Startup/startup_stm32f103c6ux.o
 .debug_abbrev  0x0000000000000bb4      0x1ed ./Drivers/STM32F1xx_HAL_Driver/Src/stm32f1xx_hal.o
 .debug_abbrev  0x0000000000000da1      0x313 ./Drivers/STM32F1xx_HAL_Driver/Src/stm32f1xx_hal_cortex.o
 .debug_abbrev  0x00000000000010b4      0x1e8 ./Drivers/STM32F1xx_HAL_Driver/Src/stm32f1xx_hal_gpio.o
 .debug_abbrev  0x000000000000129c      0x273 ./Drivers/STM32F1xx_HAL_Driver/Src/stm32f1xx_hal_rcc.o

.debug_aranges  0x0000000000000000      0x4e8
 .debug_aranges
                0x0000000000000000       0x28 ./Core/Src/Lab_1_Ex_1.o
 .debug_aranges
                0x0000000000000028       0x40 ./Core/Src/Lab_1_Ex_10.o
 .debug_aranges
                0x0000000000000068       0x28 ./Core/Src/Lab_1_Ex_2.o
 .debug_aranges
                0x0000000000000090       0x28 ./Core/Src/Lab_1_Ex_3.o
 .debug_aranges
                0x00000000000000b8       0x28 ./Core/Src/Lab_1_Ex_4.o
 .debug_aranges
                0x00000000000000e0       0x38 ./Core/Src/Lab_1_Ex_5.o
 .debug_aranges
                0x0000000000000118       0x38 ./Core/Src/main.o
 .debug_aranges
                0x0000000000000150       0x20 ./Core/Src/stm32f1xx_hal_msp.o
 .debug_aranges
                0x0000000000000170       0x60 ./Core/Src/stm32f1xx_it.o
 .debug_aranges
                0x00000000000001d0       0x28 ./Core/Src/system_stm32f1xx.o
 .debug_aranges
                0x00000000000001f8       0x28 ./Core/Startup/startup_stm32f103c6ux.o
 .debug_aranges
                0x0000000000000220       0xe0 ./Drivers/STM32F1xx_HAL_Driver/Src/stm32f1xx_hal.o
 .debug_aranges
                0x0000000000000300      0x100 ./Drivers/STM32F1xx_HAL_Driver/Src/stm32f1xx_hal_cortex.o
 .debug_aranges
                0x0000000000000400       0x58 ./Drivers/STM32F1xx_HAL_Driver/Src/stm32f1xx_hal_gpio.o
 .debug_aranges
                0x0000000000000458       0x90 ./Drivers/STM32F1xx_HAL_Driver/Src/stm32f1xx_hal_rcc.o

.debug_ranges   0x0000000000000000      0x400
 .debug_ranges  0x0000000000000000       0x18 ./Core/Src/Lab_1_Ex_1.o
 .debug_ranges  0x0000000000000018       0x30 ./Core/Src/Lab_1_Ex_10.o
 .debug_ranges  0x0000000000000048       0x18 ./Core/Src/Lab_1_Ex_2.o
 .debug_ranges  0x0000000000000060       0x18 ./Core/Src/Lab_1_Ex_3.o
 .debug_ranges  0x0000000000000078       0x18 ./Core/Src/Lab_1_Ex_4.o
 .debug_ranges  0x0000000000000090       0x28 ./Core/Src/Lab_1_Ex_5.o
 .debug_ranges  0x00000000000000b8       0x28 ./Core/Src/main.o
 .debug_ranges  0x00000000000000e0       0x10 ./Core/Src/stm32f1xx_hal_msp.o
 .debug_ranges  0x00000000000000f0       0x50 ./Core/Src/stm32f1xx_it.o
 .debug_ranges  0x0000000000000140       0x18 ./Core/Src/system_stm32f1xx.o
 .debug_ranges  0x0000000000000158       0x20 ./Core/Startup/startup_stm32f103c6ux.o
 .debug_ranges  0x0000000000000178       0xd0 ./Drivers/STM32F1xx_HAL_Driver/Src/stm32f1xx_hal.o
 .debug_ranges  0x0000000000000248       0xf0 ./Drivers/STM32F1xx_HAL_Driver/Src/stm32f1xx_hal_cortex.o
 .debug_ranges  0x0000000000000338       0x48 ./Drivers/STM32F1xx_HAL_Driver/Src/stm32f1xx_hal_gpio.o
 .debug_ranges  0x0000000000000380       0x80 ./Drivers/STM32F1xx_HAL_Driver/Src/stm32f1xx_hal_rcc.o

.debug_macro    0x0000000000000000    0x1605e
 .debug_macro   0x0000000000000000      0x19c ./Core/Src/Lab_1_Ex_1.o
 .debug_macro   0x000000000000019c      0xa9c ./Core/Src/Lab_1_Ex_1.o
 .debug_macro   0x0000000000000c38      0x20f ./Core/Src/Lab_1_Ex_1.o
 .debug_macro   0x0000000000000e47       0x2e ./Core/Src/Lab_1_Ex_1.o
 .debug_macro   0x0000000000000e75       0x22 ./Core/Src/Lab_1_Ex_1.o
 .debug_macro   0x0000000000000e97       0x22 ./Core/Src/Lab_1_Ex_1.o
 .debug_macro   0x0000000000000eb9       0x8e ./Core/Src/Lab_1_Ex_1.o
 .debug_macro   0x0000000000000f47       0x51 ./Core/Src/Lab_1_Ex_1.o
 .debug_macro   0x0000000000000f98      0x103 ./Core/Src/Lab_1_Ex_1.o
 .debug_macro   0x000000000000109b       0x6a ./Core/Src/Lab_1_Ex_1.o
 .debug_macro   0x0000000000001105      0x1df ./Core/Src/Lab_1_Ex_1.o
 .debug_macro   0x00000000000012e4       0x1c ./Core/Src/Lab_1_Ex_1.o
 .debug_macro   0x0000000000001300       0x22 ./Core/Src/Lab_1_Ex_1.o
 .debug_macro   0x0000000000001322       0xc3 ./Core/Src/Lab_1_Ex_1.o
 .debug_macro   0x00000000000013e5      0xd23 ./Core/Src/Lab_1_Ex_1.o
 .debug_macro   0x0000000000002108     0xde75 ./Core/Src/Lab_1_Ex_1.o
 .debug_macro   0x000000000000ff7d       0x6d ./Core/Src/Lab_1_Ex_1.o
 .debug_macro   0x000000000000ffea     0x3468 ./Core/Src/Lab_1_Ex_1.o
 .debug_macro   0x0000000000013452      0x174 ./Core/Src/Lab_1_Ex_1.o
 .debug_macro   0x00000000000135c6       0x5c ./Core/Src/Lab_1_Ex_1.o
 .debug_macro   0x0000000000013622      0x5be ./Core/Src/Lab_1_Ex_1.o
 .debug_macro   0x0000000000013be0      0x1b7 ./Core/Src/Lab_1_Ex_1.o
 .debug_macro   0x0000000000013d97      0x1cb ./Core/Src/Lab_1_Ex_1.o
 .debug_macro   0x0000000000013f62      0x114 ./Core/Src/Lab_1_Ex_1.o
 .debug_macro   0x0000000000014076      0x1b2 ./Core/Src/Lab_1_Ex_1.o
 .debug_macro   0x0000000000014228       0x27 ./Core/Src/Lab_1_Ex_1.o
 .debug_macro   0x000000000001424f      0x12f ./Core/Src/Lab_1_Ex_1.o
 .debug_macro   0x000000000001437e      0x1bc ./Core/Src/Lab_1_Ex_1.o
 .debug_macro   0x000000000001453a       0x34 ./Core/Src/Lab_1_Ex_1.o
 .debug_macro   0x000000000001456e       0x3c ./Core/Src/Lab_1_Ex_1.o
 .debug_macro   0x00000000000145aa       0x57 ./Core/Src/Lab_1_Ex_1.o
 .debug_macro   0x0000000000014601       0x88 ./Core/Src/Lab_1_Ex_1.o
 .debug_macro   0x0000000000014689      0x183 ./Core/Src/Lab_1_Ex_1.o
 .debug_macro   0x000000000001480c      0x141 ./Core/Src/Lab_1_Ex_1.o
 .debug_macro   0x000000000001494d       0x69 ./Core/Src/Lab_1_Ex_1.o
 .debug_macro   0x00000000000149b6      0x16c ./Core/Src/Lab_1_Ex_1.o
 .debug_macro   0x0000000000014b22      0x19c ./Core/Src/Lab_1_Ex_10.o
 .debug_macro   0x0000000000014cbe      0x19c ./Core/Src/Lab_1_Ex_2.o
 .debug_macro   0x0000000000014e5a      0x19c ./Core/Src/Lab_1_Ex_3.o
 .debug_macro   0x0000000000014ff6      0x19c ./Core/Src/Lab_1_Ex_4.o
 .debug_macro   0x0000000000015192      0x19c ./Core/Src/Lab_1_Ex_5.o
 .debug_macro   0x000000000001532e      0x1d2 ./Core/Src/main.o
 .debug_macro   0x0000000000015500      0x192 ./Core/Src/stm32f1xx_hal_msp.o
 .debug_macro   0x0000000000015692      0x19c ./Core/Src/stm32f1xx_it.o
 .debug_macro   0x000000000001582e      0x183 ./Core/Src/system_stm32f1xx.o
 .debug_macro   0x00000000000159b1      0x1a7 ./Drivers/STM32F1xx_HAL_Driver/Src/stm32f1xx_hal.o
 .debug_macro   0x0000000000015b58      0x183 ./Drivers/STM32F1xx_HAL_Driver/Src/stm32f1xx_hal_cortex.o
 .debug_macro   0x0000000000015cdb      0x1ee ./Drivers/STM32F1xx_HAL_Driver/Src/stm32f1xx_hal_gpio.o
 .debug_macro   0x0000000000015ec9      0x195 ./Drivers/STM32F1xx_HAL_Driver/Src/stm32f1xx_hal_rcc.o

.debug_line     0x0000000000000000     0x6eaa
 .debug_line    0x0000000000000000      0x653 ./Core/Src/Lab_1_Ex_1.o
 .debug_line    0x0000000000000653      0x7ba ./Core/Src/Lab_1_Ex_10.o
 .debug_line    0x0000000000000e0d      0x671 ./Core/Src/Lab_1_Ex_2.o
 .debug_line    0x000000000000147e      0x694 ./Core/Src/Lab_1_Ex_3.o
 .debug_line    0x0000000000001b12      0x6c2 ./Core/Src/Lab_1_Ex_4.o
 .debug_line    0x00000000000021d4      0x73b ./Core/Src/Lab_1_Ex_5.o
 .debug_line    0x000000000000290f      0x744 ./Core/Src/main.o
 .debug_line    0x0000000000003053      0x635 ./Core/Src/stm32f1xx_hal_msp.o
 .debug_line    0x0000000000003688      0x6f6 ./Core/Src/stm32f1xx_it.o
 .debug_line    0x0000000000003d7e      0x6b2 ./Core/Src/system_stm32f1xx.o
 .debug_line    0x0000000000004430       0x87 ./Core/Startup/startup_stm32f103c6ux.o
 .debug_line    0x00000000000044b7      0x8df ./Drivers/STM32F1xx_HAL_Driver/Src/stm32f1xx_hal.o
 .debug_line    0x0000000000004d96      0xac7 ./Drivers/STM32F1xx_HAL_Driver/Src/stm32f1xx_hal_cortex.o
 .debug_line    0x000000000000585d      0x960 ./Drivers/STM32F1xx_HAL_Driver/Src/stm32f1xx_hal_gpio.o
 .debug_line    0x00000000000061bd      0xced ./Drivers/STM32F1xx_HAL_Driver/Src/stm32f1xx_hal_rcc.o

.debug_str      0x0000000000000000    0x79f36
 .debug_str     0x0000000000000000    0x78bbd ./Core/Src/Lab_1_Ex_1.o
                                      0x78ef4 (size before relaxing)
 .debug_str     0x0000000000078bbd       0xb9 ./Core/Src/Lab_1_Ex_10.o
                                      0x78f64 (size before relaxing)
 .debug_str     0x0000000000078c76       0x53 ./Core/Src/Lab_1_Ex_2.o
                                      0x78f1a (size before relaxing)
 .debug_str     0x0000000000078cc9       0x61 ./Core/Src/Lab_1_Ex_3.o
                                      0x78f28 (size before relaxing)
 .debug_str     0x0000000000078d2a       0x53 ./Core/Src/Lab_1_Ex_4.o
                                      0x78f1a (size before relaxing)
 .debug_str     0x0000000000078d7d       0x7d ./Core/Src/Lab_1_Ex_5.o
                                      0x78f44 (size before relaxing)
 .debug_str     0x0000000000078dfa      0x1fc ./Core/Src/main.o
                                      0x7913b (size before relaxing)
 .debug_str     0x0000000000078ff6       0x5a ./Core/Src/stm32f1xx_hal_msp.o
                                      0x78f20 (size before relaxing)
 .debug_str     0x0000000000079050       0xbd ./Core/Src/stm32f1xx_it.o
                                      0x78f3d (size before relaxing)
 .debug_str     0x000000000007910d       0x52 ./Core/Src/system_stm32f1xx.o
                                      0x788c3 (size before relaxing)
 .debug_str     0x000000000007915f       0x36 ./Core/Startup/startup_stm32f103c6ux.o
                                         0x6e (size before relaxing)
 .debug_str     0x0000000000079195      0x52e ./Drivers/STM32F1xx_HAL_Driver/Src/stm32f1xx_hal.o
                                      0x78f1a (size before relaxing)
 .debug_str     0x00000000000796c3      0x300 ./Drivers/STM32F1xx_HAL_Driver/Src/stm32f1xx_hal_cortex.o
                                      0x78f22 (size before relaxing)
 .debug_str     0x00000000000799c3      0x324 ./Drivers/STM32F1xx_HAL_Driver/Src/stm32f1xx_hal_gpio.o
                                      0x78c87 (size before relaxing)
 .debug_str     0x0000000000079ce7      0x24f ./Drivers/STM32F1xx_HAL_Driver/Src/stm32f1xx_hal_rcc.o
                                      0x78cc0 (size before relaxing)

.comment        0x0000000000000000       0x53
 .comment       0x0000000000000000       0x53 ./Core/Src/Lab_1_Ex_1.o
                                         0x54 (size before relaxing)
 .comment       0x0000000000000053       0x54 ./Core/Src/Lab_1_Ex_10.o
 .comment       0x0000000000000053       0x54 ./Core/Src/Lab_1_Ex_2.o
 .comment       0x0000000000000053       0x54 ./Core/Src/Lab_1_Ex_3.o
 .comment       0x0000000000000053       0x54 ./Core/Src/Lab_1_Ex_4.o
 .comment       0x0000000000000053       0x54 ./Core/Src/Lab_1_Ex_5.o
 .comment       0x0000000000000053       0x54 ./Core/Src/main.o
 .comment       0x0000000000000053       0x54 ./Core/Src/stm32f1xx_hal_msp.o
 .comment       0x0000000000000053       0x54 ./Core/Src/stm32f1xx_it.o
 .comment       0x0000000000000053       0x54 ./Core/Src/system_stm32f1xx.o
 .comment       0x0000000000000053       0x54 ./Drivers/STM32F1xx_HAL_Driver/Src/stm32f1xx_hal.o
 .comment       0x0000000000000053       0x54 ./Drivers/STM32F1xx_HAL_Driver/Src/stm32f1xx_hal_cortex.o
 .comment       0x0000000000000053       0x54 ./Drivers/STM32F1xx_HAL_Driver/Src/stm32f1xx_hal_gpio.o
 .comment       0x0000000000000053       0x54 ./Drivers/STM32F1xx_HAL_Driver/Src/stm32f1xx_hal_rcc.o

.debug_frame    0x0000000000000000      0xf90
 .debug_frame   0x0000000000000000       0x48 ./Core/Src/Lab_1_Ex_1.o
 .debug_frame   0x0000000000000048       0xac ./Core/Src/Lab_1_Ex_10.o
 .debug_frame   0x00000000000000f4       0x48 ./Core/Src/Lab_1_Ex_2.o
 .debug_frame   0x000000000000013c       0x48 ./Core/Src/Lab_1_Ex_3.o
 .debug_frame   0x0000000000000184       0x48 ./Core/Src/Lab_1_Ex_4.o
 .debug_frame   0x00000000000001cc       0x94 ./Core/Src/Lab_1_Ex_5.o
 .debug_frame   0x0000000000000260       0x8c ./Core/Src/main.o
 .debug_frame   0x00000000000002ec       0x38 ./Core/Src/stm32f1xx_hal_msp.o
 .debug_frame   0x0000000000000324      0x104 ./Core/Src/stm32f1xx_it.o
 .debug_frame   0x0000000000000428       0x58 ./Core/Src/system_stm32f1xx.o
 .debug_frame   0x0000000000000480      0x334 ./Drivers/STM32F1xx_HAL_Driver/Src/stm32f1xx_hal.o
 .debug_frame   0x00000000000007b4      0x428 ./Drivers/STM32F1xx_HAL_Driver/Src/stm32f1xx_hal_cortex.o
 .debug_frame   0x0000000000000bdc      0x14c ./Drivers/STM32F1xx_HAL_Driver/Src/stm32f1xx_hal_gpio.o
 .debug_frame   0x0000000000000d28      0x21c ./Drivers/STM32F1xx_HAL_Driver/Src/stm32f1xx_hal_rcc.o
 .debug_frame   0x0000000000000f44       0x2c c:/st/stm32cubeide_1.7.0/stm32cubeide/plugins/com.st.stm32cube.ide.mcu.externaltools.gnu-tools-for-stm32.9-2020-q2-update.win32_2.0.0.202105311346/tools/bin/../lib/gcc/arm-none-eabi/9.3.1/../../../../arm-none-eabi/lib/thumb/v7-m/nofp\libc_nano.a(lib_a-init.o)
 .debug_frame   0x0000000000000f70       0x20 c:/st/stm32cubeide_1.7.0/stm32cubeide/plugins/com.st.stm32cube.ide.mcu.externaltools.gnu-tools-for-stm32.9-2020-q2-update.win32_2.0.0.202105311346/tools/bin/../lib/gcc/arm-none-eabi/9.3.1/../../../../arm-none-eabi/lib/thumb/v7-m/nofp\libc_nano.a(lib_a-memset.o)
